kind: series
title: Pabloland
image: www.website/image.jpg
differentiator: UK
description: A description
imdb: tt1234567
tvdb: '123'
tmdb: abc
