title: Pabloland
kind: series
year: null
description: null
