description: A description
differentiator: UK
image: www.website/image.jpg
imdb: tt1234567
kind: series
title: Pabloland
tmdb: abc
tvdb: '123'
