bar.mp4: 2021-01-02 00:00:00 UTC; 123
foo.mp4: 2021-01-01 00:00:00 UTC; 123
