description: Super interesting series with characters and stuff.
differentiator: null
image: null
imdb: null
kind: series
title: Pabloland
tmdb: null
tvdb: null
